Active.Server
ADODB.Field
An.illegal
An.unexpected
ASP.NET.is.configured.to.show.verbose.error.messages
ASP.NET_SessionId
A.syntax
Can't.connect
CLI.Driver
Custom.Error
data.source
DB2.Driver
DB2.Error
DB2.ODBC
detected.an
Died.at
Disallowed.Parent
Error.converting
Error.Diagnostic
Error.Message
Error.Report
Fatal.error
include_path
Incorrect.syntax
Index.of
Internal.Server
Invalid.Path
Invalid.procedure
invalid.query
Invision.Power
is.not.allowed.to.access
JDBC.Driver
JDBC.Error
JDBC.MySQL
JDBC.Oracle
JDBC.SQL
Microsoft.OLE
Microsoft.VBScript
missing.expression
MySQL.Driver
mysql.error
MySQL.ODBC
ODBC.DB2
ODBC.Driver
ODBC.Error
ODBC.Microsoft
ODBC.Oracle
ODBC.SQL
OLE/DB.provider
on.MySQL
ORA-0
ORA-1
Oracle.DB2
Oracle.Driver
Oracle.Error
Oracle.ODBC
Parent.Directory
Permission.denied
PHP.Error
PHP.Parse
PHP.Warning
PostgreSQL.query
server.at
server.object
SQL.command
SQLException
SQL.Server
supplied.argument
Supplied.argument
Syntax.error
The.error.occurred.in
The.script.whose.uid.is
Type.mismatch
Unable.to.jump.to.row
Unclosed.quotation
unexpected.end
Unterminated.string
Warning..Cannot
Warning..mysql_query
Warning..pg_connect
Warning..Supplied
You.have.an.error.in.your.SQL.syntax
invalid.in.the.select.list.because
