Microsoft JET Database Engine (0x80040E37) The Microsoft Jet database engine cannot find the input table or query
[Microsoft][Driver ODBC Microsoft Access]
Microsoft JET Database Engine
Provider=Microsoft.Jet.OLEDB.3.51
Provider=Microsoft.Jet.OLEDB.4.0
Provider=Microsoft.ACE.OLEDB.12.0
Microsoft JET Database Engine error '80040e14' Invalid use of vertical bars in query expression
Make sure it exists and that its name is spelled correctly.
Microsoft JET Database Engine (0x80040E14) The Microsoft Jet database engine does not recognize '#' as a valid field name or expression.
Microsoft JET Database Engine (0x80040E21) You tried to execute a query that does not include the specified expression
Microsoft JET Database Engine (0x80040E10) No value given for one or more required parameters.
Microsoft JET Database Engine error '80004005' Could not find installable ISAM.
Microsoft JET Database Engine error '80004005' You cannot use ODBC to import from, export to, or link an external Microsoft Jet or ISAM database table to your database.
Microsoft JET Database Engine error '80040e09' Cannot update. Database or object is read-only.
Microsoft JET Database Engine error '80040e10' No value given for one or more required parameters.
Microsoft JET Database Engine error '80004005'
Microsoft JET Database Engine error '80004005' The Microsoft Jet database engine cannot open the file
Microsoft JET Database Engine error '80040e14' Invalid procedure call
